<!doctype html public "-//w3c//dtd html 4.0 transitional//en">
<html><head>
<title>Static Call Graph - [.\List\BGG1000.axf]</title></head>
<body><HR>
<H1>Static Call Graph for image .\List\BGG1000.axf</H1><HR>
<BR><P>#&#060CALLGRAPH&#062# ARM Linker, 5050169: Last Updated: Fri Oct 09 19:44:50 2020
<BR><P>
<H3>Maximum Stack Usage =          0 bytes + Unknown(Untraceable Function Pointers)</H3><H3>
Call chain for Maximum Stack Depth:</H3>

<P>
<H3>
Function Pointers
</H3><UL>
 <LI><a href="#[1c]">BatchOutCardBook</a> from app.o(.text) referenced from app.o(.text)
 <LI><a href="#[f]">CheckRackOffset</a> from app.o(.text) referenced from app.o(.text)
 <LI><a href="#[23]">CircleFromOrgToCheck</a> from app.o(.text) referenced from app.o(.text)
 <LI><a href="#[24]">CircleFromOrgToOut</a> from app.o(.text) referenced from app.o(.text)
 <LI><a href="#[21]">CloseDoor</a> from app.o(.text) referenced from app.o(.text)
 <LI><a href="#[28]">DetectServeroOffset</a> from app.o(.text) referenced from app.o(.text)
 <LI><a href="#[25]">DetectServoError</a> from app.o(.text) referenced from app.o(.text)
 <LI><a href="#[26]">FlashLed</a> from app.o(.text) referenced 3 times from app.o(.text)
 <LI><a href="#[2a]">GetOptionLen</a> from app.o(.text) referenced from app.o(.text)
 <LI><a href="#[3]">GoToX</a> from app.o(.text) referenced from app.o(.text)
 <LI><a href="#[5]">GoToY</a> from app.o(.text) referenced 2 times from app.o(.text)
 <LI><a href="#[0]">InitApp</a> from app.o(.text) referenced from startup.o(RESET)
 <LI><a href="#[20]">OpenBookDoor</a> from app.o(.text) referenced from app.o(.text)
 <LI><a href="#[1f]">OpenCardDoor</a> from app.o(.text) referenced from app.o(.text)
 <LI><a href="#[1b]">PushOutBook</a> from app.o(.text) referenced from app.o(.text)
 <LI><a href="#[1a]">PushOutCard</a> from app.o(.text) referenced from app.o(.text)
 <LI><a href="#[19]">ReadyGetBookFromCar</a> from app.o(.text) referenced from app.o(.text)
 <LI><a href="#[18]">ReadyGetCardFromCar</a> from app.o(.text) referenced from app.o(.text)
 <LI><a href="#[10]">RecordYAllSensorPos</a> from app.o(.text) referenced from app.o(.text)
 <LI><a href="#[1e]">RecyleBookToCar</a> from app.o(.text) referenced from app.o(.text)
 <LI><a href="#[1d]">RecyleCardToCar</a> from app.o(.text) referenced from app.o(.text)
 <LI><a href="#[22]">ResetCircle</a> from app.o(.text) referenced from app.o(.text)
 <LI><a href="#[1]">ResetDevice</a> from app.o(.text) referenced from app.o(.text)
 <LI><a href="#[c]">ResetSendBook</a> from app.o(.text) referenced from app.o(.text)
 <LI><a href="#[9]">ResetSendCard</a> from app.o(.text) referenced from app.o(.text)
 <LI><a href="#[27]">ResetSlot</a> from app.o(.text) referenced from app.o(.text)
 <LI><a href="#[2]">ResetX</a> from app.o(.text) referenced from app.o(.text)
 <LI><a href="#[4]">ResetY1</a> from app.o(.text) referenced from app.o(.text)
 <LI><a href="#[29]">RestartReader</a> from app.o(.text) referenced from app.o(.text)
 <LI><a href="#[e]">SendBook</a> from app.o(.text) referenced from app.o(.text)
 <LI><a href="#[d]">SendBookToLimt</a> from app.o(.text) referenced from app.o(.text)
 <LI><a href="#[b]">SendCard</a> from app.o(.text) referenced from app.o(.text)
 <LI><a href="#[a]">SendCardToLimt</a> from app.o(.text) referenced from app.o(.text)
 <LI><a href="#[8]">YGoToBatch</a> from app.o(.text) referenced from app.o(.text)
 <LI><a href="#[7]">YGoToGetBook</a> from app.o(.text) referenced from app.o(.text)
 <LI><a href="#[6]">YGoToSensor</a> from app.o(.text) referenced from app.o(.text)
</UL>
<P>
<H3>
Global Symbols
</H3>
<P><STRONG><a name="[2b]"></a>InitETree</STRONG> (Thumb, 20 bytes, Stack size 0 bytes, app.o(.text))
<BR><BR>[Called By]<UL><LI><a href="#[0]">&gt;&gt;</a>&nbsp;&nbsp;&nbsp;InitApp
</UL>

<P><STRONG><a name="[11]"></a>PlanXPath</STRONG> (Thumb, 92 bytes, Stack size 0 bytes, app.o(.text))
<BR><BR>[Called By]<UL><LI><a href="#[3]">&gt;&gt;</a>&nbsp;&nbsp;&nbsp;GoToX
</UL>

<P><STRONG><a name="[1]"></a>ResetDevice</STRONG> (Thumb, 242 bytes, Stack size 0 bytes, app.o(.text))
<BR>[Address Reference Count : 1]<UL><LI> app.o(.text)
</UL>
<P><STRONG><a name="[2]"></a>ResetX</STRONG> (Thumb, 370 bytes, Stack size 0 bytes, app.o(.text))
<BR>[Address Reference Count : 1]<UL><LI> app.o(.text)
</UL>
<P><STRONG><a name="[3]"></a>GoToX</STRONG> (Thumb, 754 bytes, Stack size 0 bytes, app.o(.text))
<BR><BR>[Calls]<UL><LI><a href="#[11]">&gt;&gt;</a>&nbsp;&nbsp;&nbsp;PlanXPath
</UL>
<BR>[Address Reference Count : 1]<UL><LI> app.o(.text)
</UL>
<P><STRONG><a name="[10]"></a>RecordYAllSensorPos</STRONG> (Thumb, 442 bytes, Stack size 0 bytes, app.o(.text))
<BR>[Address Reference Count : 1]<UL><LI> app.o(.text)
</UL>
<P><STRONG><a name="[12]"></a>IsYSafety</STRONG> (Thumb, 58 bytes, Stack size 0 bytes, app.o(.text))
<BR><BR>[Called By]<UL><LI><a href="#[8]">&gt;&gt;</a>&nbsp;&nbsp;&nbsp;YGoToBatch
<LI><a href="#[7]">&gt;&gt;</a>&nbsp;&nbsp;&nbsp;YGoToGetBook
<LI><a href="#[6]">&gt;&gt;</a>&nbsp;&nbsp;&nbsp;YGoToSensor
<LI><a href="#[5]">&gt;&gt;</a>&nbsp;&nbsp;&nbsp;GoToY
<LI><a href="#[4]">&gt;&gt;</a>&nbsp;&nbsp;&nbsp;ResetY1
</UL>

<P><STRONG><a name="[4]"></a>ResetY1</STRONG> (Thumb, 870 bytes, Stack size 0 bytes, app.o(.text))
<BR><BR>[Calls]<UL><LI><a href="#[12]">&gt;&gt;</a>&nbsp;&nbsp;&nbsp;IsYSafety
</UL>
<BR>[Address Reference Count : 1]<UL><LI> app.o(.text)
</UL>
<P><STRONG><a name="[13]"></a>GetYPos</STRONG> (Thumb, 186 bytes, Stack size 0 bytes, app.o(.text))
<BR><BR>[Calls]<UL><LI><a href="#[14]">&gt;&gt;</a>&nbsp;&nbsp;&nbsp;__aeabi_i2d
<LI><a href="#[16]">&gt;&gt;</a>&nbsp;&nbsp;&nbsp;__aeabi_d2iz
<LI><a href="#[15]">&gt;&gt;</a>&nbsp;&nbsp;&nbsp;__aeabi_dadd
</UL>
<BR>[Called By]<UL><LI><a href="#[5]">&gt;&gt;</a>&nbsp;&nbsp;&nbsp;GoToY
</UL>

<P><STRONG><a name="[17]"></a>UpdateAllPos</STRONG> (Thumb, 50 bytes, Stack size 0 bytes, app.o(.text))
<BR><BR>[Called By]<UL><LI><a href="#[f]">&gt;&gt;</a>&nbsp;&nbsp;&nbsp;CheckRackOffset
</UL>

<P><STRONG><a name="[f]"></a>CheckRackOffset</STRONG> (Thumb, 520 bytes, Stack size 0 bytes, app.o(.text))
<BR><BR>[Calls]<UL><LI><a href="#[14]">&gt;&gt;</a>&nbsp;&nbsp;&nbsp;__aeabi_i2d
<LI><a href="#[16]">&gt;&gt;</a>&nbsp;&nbsp;&nbsp;__aeabi_d2iz
<LI><a href="#[15]">&gt;&gt;</a>&nbsp;&nbsp;&nbsp;__aeabi_dadd
<LI><a href="#[17]">&gt;&gt;</a>&nbsp;&nbsp;&nbsp;UpdateAllPos
</UL>
<BR>[Address Reference Count : 1]<UL><LI> app.o(.text)
</UL>
<P><STRONG><a name="[5]"></a>GoToY</STRONG> (Thumb, 592 bytes, Stack size 0 bytes, app.o(.text))
<BR><BR>[Calls]<UL><LI><a href="#[13]">&gt;&gt;</a>&nbsp;&nbsp;&nbsp;GetYPos
<LI><a href="#[12]">&gt;&gt;</a>&nbsp;&nbsp;&nbsp;IsYSafety
</UL>
<BR>[Address Reference Count : 1]<UL><LI> app.o(.text)
</UL>
<P><STRONG><a name="[6]"></a>YGoToSensor</STRONG> (Thumb, 492 bytes, Stack size 0 bytes, app.o(.text))
<BR><BR>[Calls]<UL><LI><a href="#[12]">&gt;&gt;</a>&nbsp;&nbsp;&nbsp;IsYSafety
</UL>
<BR>[Address Reference Count : 1]<UL><LI> app.o(.text)
</UL>
<P><STRONG><a name="[7]"></a>YGoToGetBook</STRONG> (Thumb, 112 bytes, Stack size 0 bytes, app.o(.text))
<BR><BR>[Calls]<UL><LI><a href="#[12]">&gt;&gt;</a>&nbsp;&nbsp;&nbsp;IsYSafety
</UL>
<BR>[Address Reference Count : 1]<UL><LI> app.o(.text)
</UL>
<P><STRONG><a name="[8]"></a>YGoToBatch</STRONG> (Thumb, 112 bytes, Stack size 0 bytes, app.o(.text))
<BR><BR>[Calls]<UL><LI><a href="#[12]">&gt;&gt;</a>&nbsp;&nbsp;&nbsp;IsYSafety
</UL>
<BR>[Address Reference Count : 1]<UL><LI> app.o(.text)
</UL>
<P><STRONG><a name="[9]"></a>ResetSendCard</STRONG> (Thumb, 114 bytes, Stack size 0 bytes, app.o(.text))
<BR>[Address Reference Count : 1]<UL><LI> app.o(.text)
</UL>
<P><STRONG><a name="[a]"></a>SendCardToLimt</STRONG> (Thumb, 118 bytes, Stack size 0 bytes, app.o(.text))
<BR>[Address Reference Count : 1]<UL><LI> app.o(.text)
</UL>
<P><STRONG><a name="[b]"></a>SendCard</STRONG> (Thumb, 144 bytes, Stack size 0 bytes, app.o(.text))
<BR>[Address Reference Count : 1]<UL><LI> app.o(.text)
</UL>
<P><STRONG><a name="[c]"></a>ResetSendBook</STRONG> (Thumb, 114 bytes, Stack size 0 bytes, app.o(.text))
<BR>[Address Reference Count : 1]<UL><LI> app.o(.text)
</UL>
<P><STRONG><a name="[d]"></a>SendBookToLimt</STRONG> (Thumb, 254 bytes, Stack size 0 bytes, app.o(.text))
<BR>[Address Reference Count : 1]<UL><LI> app.o(.text)
</UL>
<P><STRONG><a name="[e]"></a>SendBook</STRONG> (Thumb, 258 bytes, Stack size 0 bytes, app.o(.text))
<BR>[Address Reference Count : 1]<UL><LI> app.o(.text)
</UL>
<P><STRONG><a name="[18]"></a>ReadyGetCardFromCar</STRONG> (Thumb, 184 bytes, Stack size 0 bytes, app.o(.text))
<BR>[Address Reference Count : 1]<UL><LI> app.o(.text)
</UL>
<P><STRONG><a name="[19]"></a>ReadyGetBookFromCar</STRONG> (Thumb, 212 bytes, Stack size 0 bytes, app.o(.text))
<BR>[Address Reference Count : 1]<UL><LI> app.o(.text)
</UL>
<P><STRONG><a name="[1a]"></a>PushOutCard</STRONG> (Thumb, 100 bytes, Stack size 0 bytes, app.o(.text))
<BR>[Address Reference Count : 1]<UL><LI> app.o(.text)
</UL>
<P><STRONG><a name="[1b]"></a>PushOutBook</STRONG> (Thumb, 100 bytes, Stack size 0 bytes, app.o(.text))
<BR>[Address Reference Count : 1]<UL><LI> app.o(.text)
</UL>
<P><STRONG><a name="[1c]"></a>BatchOutCardBook</STRONG> (Thumb, 74 bytes, Stack size 0 bytes, app.o(.text))
<BR>[Address Reference Count : 1]<UL><LI> app.o(.text)
</UL>
<P><STRONG><a name="[1d]"></a>RecyleCardToCar</STRONG> (Thumb, 392 bytes, Stack size 0 bytes, app.o(.text))
<BR>[Address Reference Count : 1]<UL><LI> app.o(.text)
</UL>
<P><STRONG><a name="[1e]"></a>RecyleBookToCar</STRONG> (Thumb, 234 bytes, Stack size 0 bytes, app.o(.text))
<BR>[Address Reference Count : 1]<UL><LI> app.o(.text)
</UL>
<P><STRONG><a name="[21]"></a>CloseDoor</STRONG> (Thumb, 114 bytes, Stack size 0 bytes, app.o(.text))
<BR>[Address Reference Count : 1]<UL><LI> app.o(.text)
</UL>
<P><STRONG><a name="[20]"></a>OpenBookDoor</STRONG> (Thumb, 136 bytes, Stack size 0 bytes, app.o(.text))
<BR>[Address Reference Count : 1]<UL><LI> app.o(.text)
</UL>
<P><STRONG><a name="[1f]"></a>OpenCardDoor</STRONG> (Thumb, 220 bytes, Stack size 0 bytes, app.o(.text))
<BR>[Address Reference Count : 1]<UL><LI> app.o(.text)
</UL>
<P><STRONG><a name="[22]"></a>ResetCircle</STRONG> (Thumb, 346 bytes, Stack size 0 bytes, app.o(.text))
<BR>[Address Reference Count : 1]<UL><LI> app.o(.text)
</UL>
<P><STRONG><a name="[23]"></a>CircleFromOrgToCheck</STRONG> (Thumb, 240 bytes, Stack size 0 bytes, app.o(.text))
<BR>[Address Reference Count : 1]<UL><LI> app.o(.text)
</UL>
<P><STRONG><a name="[24]"></a>CircleFromOrgToOut</STRONG> (Thumb, 138 bytes, Stack size 0 bytes, app.o(.text))
<BR>[Address Reference Count : 1]<UL><LI> app.o(.text)
</UL>
<P><STRONG><a name="[25]"></a>DetectServoError</STRONG> (Thumb, 98 bytes, Stack size 0 bytes, app.o(.text))
<BR>[Address Reference Count : 1]<UL><LI> app.o(.text)
</UL>
<P><STRONG><a name="[28]"></a>DetectServeroOffset</STRONG> (Thumb, 168 bytes, Stack size 0 bytes, app.o(.text))
<BR>[Address Reference Count : 1]<UL><LI> app.o(.text)
</UL>
<P><STRONG><a name="[2a]"></a>GetOptionLen</STRONG> (Thumb, 288 bytes, Stack size 0 bytes, app.o(.text))
<BR>[Address Reference Count : 1]<UL><LI> app.o(.text)
</UL>
<P><STRONG><a name="[26]"></a>FlashLed</STRONG> (Thumb, 340 bytes, Stack size 0 bytes, app.o(.text))
<BR>[Address Reference Count : 1]<UL><LI> app.o(.text)
</UL>
<P><STRONG><a name="[27]"></a>ResetSlot</STRONG> (Thumb, 220 bytes, Stack size 0 bytes, app.o(.text))
<BR>[Address Reference Count : 1]<UL><LI> app.o(.text)
</UL>
<P><STRONG><a name="[29]"></a>RestartReader</STRONG> (Thumb, 98 bytes, Stack size 0 bytes, app.o(.text))
<BR>[Address Reference Count : 1]<UL><LI> app.o(.text)
</UL>
<P><STRONG><a name="[0]"></a>InitApp</STRONG> (Thumb, 1286 bytes, Stack size 0 bytes, app.o(.text))
<BR><BR>[Calls]<UL><LI><a href="#[2b]">&gt;&gt;</a>&nbsp;&nbsp;&nbsp;InitETree
</UL>
<BR>[Address Reference Count : 1]<UL><LI> startup.o(RESET)
</UL>
<P><STRONG><a name="[15]"></a>__aeabi_dadd</STRONG> (Thumb, 0 bytes, Stack size 0 bytes, daddsub_clz.o(x$fpl$dadd))
<BR><BR>[Called By]<UL><LI><a href="#[f]">&gt;&gt;</a>&nbsp;&nbsp;&nbsp;CheckRackOffset
<LI><a href="#[13]">&gt;&gt;</a>&nbsp;&nbsp;&nbsp;GetYPos
</UL>

<P><STRONG><a name="[2c]"></a>_dadd</STRONG> (Thumb, 332 bytes, Stack size 0 bytes, daddsub_clz.o(x$fpl$dadd), UNUSED)
<BR><BR>[Calls]<UL><LI><a href="#[2e]">&gt;&gt;</a>&nbsp;&nbsp;&nbsp;__fpl_dretinf
<LI><a href="#[2f]">&gt;&gt;</a>&nbsp;&nbsp;&nbsp;__fpl_dnaninf
<LI><a href="#[2d]">&gt;&gt;</a>&nbsp;&nbsp;&nbsp;_dsub1
</UL>

<P><STRONG><a name="[16]"></a>__aeabi_d2iz</STRONG> (Thumb, 0 bytes, Stack size 0 bytes, dfix.o(x$fpl$dfix))
<BR><BR>[Called By]<UL><LI><a href="#[f]">&gt;&gt;</a>&nbsp;&nbsp;&nbsp;CheckRackOffset
<LI><a href="#[13]">&gt;&gt;</a>&nbsp;&nbsp;&nbsp;GetYPos
</UL>

<P><STRONG><a name="[30]"></a>_dfix</STRONG> (Thumb, 94 bytes, Stack size 0 bytes, dfix.o(x$fpl$dfix), UNUSED)
<BR><BR>[Calls]<UL><LI><a href="#[2f]">&gt;&gt;</a>&nbsp;&nbsp;&nbsp;__fpl_dnaninf
</UL>

<P><STRONG><a name="[14]"></a>__aeabi_i2d</STRONG> (Thumb, 0 bytes, Stack size 0 bytes, dflt_clz.o(x$fpl$dflt))
<BR><BR>[Called By]<UL><LI><a href="#[f]">&gt;&gt;</a>&nbsp;&nbsp;&nbsp;CheckRackOffset
<LI><a href="#[13]">&gt;&gt;</a>&nbsp;&nbsp;&nbsp;GetYPos
</UL>

<P><STRONG><a name="[2f]"></a>__fpl_dnaninf</STRONG> (Thumb, 156 bytes, Stack size 0 bytes, dnaninf.o(x$fpl$dnaninf), UNUSED)
<BR><BR>[Called By]<UL><LI><a href="#[30]">&gt;&gt;</a>&nbsp;&nbsp;&nbsp;_dfix
<LI><a href="#[31]">&gt;&gt;</a>&nbsp;&nbsp;&nbsp;_dsub
<LI><a href="#[2c]">&gt;&gt;</a>&nbsp;&nbsp;&nbsp;_dadd
</UL>

<P><STRONG><a name="[2e]"></a>__fpl_dretinf</STRONG> (Thumb, 12 bytes, Stack size 0 bytes, dretinf.o(x$fpl$dretinf), UNUSED)
<BR><BR>[Called By]<UL><LI><a href="#[2c]">&gt;&gt;</a>&nbsp;&nbsp;&nbsp;_dadd
</UL>

<P><STRONG><a name="[31]"></a>_dsub</STRONG> (Thumb, 464 bytes, Stack size 0 bytes, daddsub_clz.o(x$fpl$dsub), UNUSED)
<BR><BR>[Calls]<UL><LI><a href="#[2f]">&gt;&gt;</a>&nbsp;&nbsp;&nbsp;__fpl_dnaninf
<LI><a href="#[32]">&gt;&gt;</a>&nbsp;&nbsp;&nbsp;_dadd1
</UL>
<P>
<H3>
Local Symbols
</H3>
<P><STRONG><a name="[32]"></a>_dadd1</STRONG> (Thumb, 0 bytes, Stack size 0 bytes, daddsub_clz.o(x$fpl$dadd), UNUSED)
<BR><BR>[Called By]<UL><LI><a href="#[31]">&gt;&gt;</a>&nbsp;&nbsp;&nbsp;_dsub
</UL>

<P><STRONG><a name="[2d]"></a>_dsub1</STRONG> (Thumb, 0 bytes, Stack size 0 bytes, daddsub_clz.o(x$fpl$dsub), UNUSED)
<BR><BR>[Called By]<UL><LI><a href="#[2c]">&gt;&gt;</a>&nbsp;&nbsp;&nbsp;_dadd
</UL>
<P>
<H3>
Undefined Global Symbols
</H3><HR></body></html>
