<!doctype html public "-//w3c//dtd html 4.0 transitional//en">
<html><head>
<title>Static Call Graph - [.\List\SL5000.axf]</title></head>
<body><HR>
<H1>Static Call Graph for image .\List\SL5000.axf</H1><HR>
<BR><P>#&#060CALLGRAPH&#062# ARM Linker, 5050169: Last Updated: Fri Sep 18 14:49:36 2020
<BR><P>
<H3>Maximum Stack Usage =          0 bytes + Unknown(Untraceable Function Pointers)</H3><H3>
Call chain for Maximum Stack Depth:</H3>

<P>
<H3>
Function Pointers
</H3><UL>
 <LI><a href="#[15]">BatchOutCardBook</a> from app.o(.text) referenced from app.o(.text)
 <LI><a href="#[26]">CircleFromCheckToOrg</a> from app.o(.text) referenced from app.o(.text)
 <LI><a href="#[27]">CircleFromCheckToOut</a> from app.o(.text) referenced from app.o(.text)
 <LI><a href="#[22]">CircleFromOrgToCheck</a> from app.o(.text) referenced from app.o(.text)
 <LI><a href="#[23]">CircleFromOrgToOut</a> from app.o(.text) referenced from app.o(.text)
 <LI><a href="#[24]">CircleFromOutToCheck</a> from app.o(.text) referenced from app.o(.text)
 <LI><a href="#[25]">CircleFromOutToOrg</a> from app.o(.text) referenced from app.o(.text)
 <LI><a href="#[20]">CloseDoor</a> from app.o(.text) referenced from app.o(.text)
 <LI><a href="#[2b]">DetectServeroOffset</a> from app.o(.text) referenced from app.o(.text)
 <LI><a href="#[28]">DetectServoError</a> from app.o(.text) referenced from app.o(.text)
 <LI><a href="#[29]">FlashLed</a> from app.o(.text) referenced 3 times from app.o(.text)
 <LI><a href="#[3]">GoToX</a> from app.o(.text) referenced from app.o(.text)
 <LI><a href="#[5]">GoToY</a> from app.o(.text) referenced from app.o(.text)
 <LI><a href="#[0]">InitApp</a> from app.o(.text) referenced from startup.o(RESET)
 <LI><a href="#[1f]">OpenBookDoor</a> from app.o(.text) referenced from app.o(.text)
 <LI><a href="#[1e]">OpenCardDoor</a> from app.o(.text) referenced from app.o(.text)
 <LI><a href="#[14]">PushOutBook</a> from app.o(.text) referenced from app.o(.text)
 <LI><a href="#[13]">PushOutCard</a> from app.o(.text) referenced from app.o(.text)
 <LI><a href="#[12]">ReadyGetBookFromCar</a> from app.o(.text) referenced from app.o(.text)
 <LI><a href="#[11]">ReadyGetCardFromCar</a> from app.o(.text) referenced from app.o(.text)
 <LI><a href="#[17]">RecordYAllSensorPos</a> from app.o(.text) referenced from app.o(.text)
 <LI><a href="#[1d]">RecyleBookToCar</a> from app.o(.text) referenced from app.o(.text)
 <LI><a href="#[16]">RecyleCardToCar</a> from app.o(.text) referenced from app.o(.text)
 <LI><a href="#[21]">ResetCircle</a> from app.o(.text) referenced from app.o(.text)
 <LI><a href="#[1]">ResetDevice</a> from app.o(.text) referenced from app.o(.text)
 <LI><a href="#[e]">ResetSendBook</a> from app.o(.text) referenced from app.o(.text)
 <LI><a href="#[b]">ResetSendCard</a> from app.o(.text) referenced from app.o(.text)
 <LI><a href="#[2a]">ResetSlot</a> from app.o(.text) referenced from app.o(.text)
 <LI><a href="#[2]">ResetX</a> from app.o(.text) referenced from app.o(.text)
 <LI><a href="#[4]">ResetY1</a> from app.o(.text) referenced from app.o(.text)
 <LI><a href="#[2c]">RestartReader</a> from app.o(.text) referenced from app.o(.text)
 <LI><a href="#[10]">SendBook</a> from app.o(.text) referenced from app.o(.text)
 <LI><a href="#[f]">SendBookToLimt</a> from app.o(.text) referenced from app.o(.text)
 <LI><a href="#[d]">SendCard</a> from app.o(.text) referenced from app.o(.text)
 <LI><a href="#[c]">SendCardToLimt</a> from app.o(.text) referenced from app.o(.text)
 <LI><a href="#[a]">YGoToBatch</a> from app.o(.text) referenced from app.o(.text)
 <LI><a href="#[7]">YGoToGetBook</a> from app.o(.text) referenced from app.o(.text)
 <LI><a href="#[6]">YGoToGetCard</a> from app.o(.text) referenced from app.o(.text)
 <LI><a href="#[9]">YGoToSendBook</a> from app.o(.text) referenced from app.o(.text)
 <LI><a href="#[8]">YGoToSendCard</a> from app.o(.text) referenced from app.o(.text)
</UL>
<P>
<H3>
Global Symbols
</H3>
<P><STRONG><a name="[2d]"></a>InitETree</STRONG> (Thumb, 20 bytes, Stack size 0 bytes, app.o(.text))
<BR><BR>[Called By]<UL><LI><a href="#[0]">&gt;&gt;</a>&nbsp;&nbsp;&nbsp;InitApp
</UL>

<P><STRONG><a name="[18]"></a>CreateYCordinate</STRONG> (Thumb, 370 bytes, Stack size 0 bytes, app.o(.text))
<BR><BR>[Calls]<UL><LI><a href="#[19]">&gt;&gt;</a>&nbsp;&nbsp;&nbsp;__aeabi_i2d
<LI><a href="#[1b]">&gt;&gt;</a>&nbsp;&nbsp;&nbsp;__aeabi_d2iz
<LI><a href="#[1a]">&gt;&gt;</a>&nbsp;&nbsp;&nbsp;__aeabi_dadd
</UL>
<BR>[Called By]<UL><LI><a href="#[5]">&gt;&gt;</a>&nbsp;&nbsp;&nbsp;GoToY
<LI><a href="#[4]">&gt;&gt;</a>&nbsp;&nbsp;&nbsp;ResetY1
</UL>

<P><STRONG><a name="[1c]"></a>PlanXPath</STRONG> (Thumb, 92 bytes, Stack size 0 bytes, app.o(.text))
<BR><BR>[Called By]<UL><LI><a href="#[3]">&gt;&gt;</a>&nbsp;&nbsp;&nbsp;GoToX
</UL>

<P><STRONG><a name="[1]"></a>ResetDevice</STRONG> (Thumb, 248 bytes, Stack size 0 bytes, app.o(.text))
<BR>[Address Reference Count : 1]<UL><LI> app.o(.text)
</UL>
<P><STRONG><a name="[2]"></a>ResetX</STRONG> (Thumb, 656 bytes, Stack size 0 bytes, app.o(.text))
<BR>[Address Reference Count : 1]<UL><LI> app.o(.text)
</UL>
<P><STRONG><a name="[3]"></a>GoToX</STRONG> (Thumb, 934 bytes, Stack size 0 bytes, app.o(.text))
<BR><BR>[Calls]<UL><LI><a href="#[1c]">&gt;&gt;</a>&nbsp;&nbsp;&nbsp;PlanXPath
</UL>
<BR>[Address Reference Count : 1]<UL><LI> app.o(.text)
</UL>
<P><STRONG><a name="[17]"></a>RecordYAllSensorPos</STRONG> (Thumb, 442 bytes, Stack size 0 bytes, app.o(.text))
<BR>[Address Reference Count : 1]<UL><LI> app.o(.text)
</UL>
<P><STRONG><a name="[4]"></a>ResetY1</STRONG> (Thumb, 680 bytes, Stack size 0 bytes, app.o(.text))
<BR><BR>[Calls]<UL><LI><a href="#[18]">&gt;&gt;</a>&nbsp;&nbsp;&nbsp;CreateYCordinate
</UL>
<BR>[Address Reference Count : 1]<UL><LI> app.o(.text)
</UL>
<P><STRONG><a name="[5]"></a>GoToY</STRONG> (Thumb, 524 bytes, Stack size 0 bytes, app.o(.text))
<BR><BR>[Calls]<UL><LI><a href="#[18]">&gt;&gt;</a>&nbsp;&nbsp;&nbsp;CreateYCordinate
</UL>
<BR>[Address Reference Count : 1]<UL><LI> app.o(.text)
</UL>
<P><STRONG><a name="[6]"></a>YGoToGetCard</STRONG> (Thumb, 596 bytes, Stack size 0 bytes, app.o(.text))
<BR>[Address Reference Count : 1]<UL><LI> app.o(.text)
</UL>
<P><STRONG><a name="[7]"></a>YGoToGetBook</STRONG> (Thumb, 118 bytes, Stack size 0 bytes, app.o(.text))
<BR>[Address Reference Count : 1]<UL><LI> app.o(.text)
</UL>
<P><STRONG><a name="[8]"></a>YGoToSendCard</STRONG> (Thumb, 392 bytes, Stack size 0 bytes, app.o(.text))
<BR>[Address Reference Count : 1]<UL><LI> app.o(.text)
</UL>
<P><STRONG><a name="[9]"></a>YGoToSendBook</STRONG> (Thumb, 360 bytes, Stack size 0 bytes, app.o(.text))
<BR>[Address Reference Count : 1]<UL><LI> app.o(.text)
</UL>
<P><STRONG><a name="[a]"></a>YGoToBatch</STRONG> (Thumb, 368 bytes, Stack size 0 bytes, app.o(.text))
<BR>[Address Reference Count : 1]<UL><LI> app.o(.text)
</UL>
<P><STRONG><a name="[b]"></a>ResetSendCard</STRONG> (Thumb, 114 bytes, Stack size 0 bytes, app.o(.text))
<BR>[Address Reference Count : 1]<UL><LI> app.o(.text)
</UL>
<P><STRONG><a name="[c]"></a>SendCardToLimt</STRONG> (Thumb, 118 bytes, Stack size 0 bytes, app.o(.text))
<BR>[Address Reference Count : 1]<UL><LI> app.o(.text)
</UL>
<P><STRONG><a name="[d]"></a>SendCard</STRONG> (Thumb, 144 bytes, Stack size 0 bytes, app.o(.text))
<BR>[Address Reference Count : 1]<UL><LI> app.o(.text)
</UL>
<P><STRONG><a name="[e]"></a>ResetSendBook</STRONG> (Thumb, 114 bytes, Stack size 0 bytes, app.o(.text))
<BR>[Address Reference Count : 1]<UL><LI> app.o(.text)
</UL>
<P><STRONG><a name="[f]"></a>SendBookToLimt</STRONG> (Thumb, 118 bytes, Stack size 0 bytes, app.o(.text))
<BR>[Address Reference Count : 1]<UL><LI> app.o(.text)
</UL>
<P><STRONG><a name="[10]"></a>SendBook</STRONG> (Thumb, 284 bytes, Stack size 0 bytes, app.o(.text))
<BR>[Address Reference Count : 1]<UL><LI> app.o(.text)
</UL>
<P><STRONG><a name="[11]"></a>ReadyGetCardFromCar</STRONG> (Thumb, 450 bytes, Stack size 0 bytes, app.o(.text))
<BR>[Address Reference Count : 1]<UL><LI> app.o(.text)
</UL>
<P><STRONG><a name="[12]"></a>ReadyGetBookFromCar</STRONG> (Thumb, 294 bytes, Stack size 0 bytes, app.o(.text))
<BR>[Address Reference Count : 1]<UL><LI> app.o(.text)
</UL>
<P><STRONG><a name="[13]"></a>PushOutCard</STRONG> (Thumb, 102 bytes, Stack size 0 bytes, app.o(.text))
<BR>[Address Reference Count : 1]<UL><LI> app.o(.text)
</UL>
<P><STRONG><a name="[14]"></a>PushOutBook</STRONG> (Thumb, 104 bytes, Stack size 0 bytes, app.o(.text))
<BR>[Address Reference Count : 1]<UL><LI> app.o(.text)
</UL>
<P><STRONG><a name="[15]"></a>BatchOutCardBook</STRONG> (Thumb, 74 bytes, Stack size 0 bytes, app.o(.text))
<BR>[Address Reference Count : 1]<UL><LI> app.o(.text)
</UL>
<P><STRONG><a name="[16]"></a>RecyleCardToCar</STRONG> (Thumb, 368 bytes, Stack size 0 bytes, app.o(.text))
<BR>[Address Reference Count : 1]<UL><LI> app.o(.text)
</UL>
<P><STRONG><a name="[1d]"></a>RecyleBookToCar</STRONG> (Thumb, 234 bytes, Stack size 0 bytes, app.o(.text))
<BR>[Address Reference Count : 1]<UL><LI> app.o(.text)
</UL>
<P><STRONG><a name="[20]"></a>CloseDoor</STRONG> (Thumb, 114 bytes, Stack size 0 bytes, app.o(.text))
<BR>[Address Reference Count : 1]<UL><LI> app.o(.text)
</UL>
<P><STRONG><a name="[1f]"></a>OpenBookDoor</STRONG> (Thumb, 158 bytes, Stack size 0 bytes, app.o(.text))
<BR>[Address Reference Count : 1]<UL><LI> app.o(.text)
</UL>
<P><STRONG><a name="[1e]"></a>OpenCardDoor</STRONG> (Thumb, 242 bytes, Stack size 0 bytes, app.o(.text))
<BR>[Address Reference Count : 1]<UL><LI> app.o(.text)
</UL>
<P><STRONG><a name="[21]"></a>ResetCircle</STRONG> (Thumb, 142 bytes, Stack size 0 bytes, app.o(.text))
<BR>[Address Reference Count : 1]<UL><LI> app.o(.text)
</UL>
<P><STRONG><a name="[22]"></a>CircleFromOrgToCheck</STRONG> (Thumb, 414 bytes, Stack size 0 bytes, app.o(.text))
<BR>[Address Reference Count : 1]<UL><LI> app.o(.text)
</UL>
<P><STRONG><a name="[23]"></a>CircleFromOrgToOut</STRONG> (Thumb, 138 bytes, Stack size 0 bytes, app.o(.text))
<BR>[Address Reference Count : 1]<UL><LI> app.o(.text)
</UL>
<P><STRONG><a name="[26]"></a>CircleFromCheckToOrg</STRONG> (Thumb, 144 bytes, Stack size 0 bytes, app.o(.text))
<BR>[Address Reference Count : 1]<UL><LI> app.o(.text)
</UL>
<P><STRONG><a name="[27]"></a>CircleFromCheckToOut</STRONG> (Thumb, 138 bytes, Stack size 0 bytes, app.o(.text))
<BR>[Address Reference Count : 1]<UL><LI> app.o(.text)
</UL>
<P><STRONG><a name="[25]"></a>CircleFromOutToOrg</STRONG> (Thumb, 184 bytes, Stack size 0 bytes, app.o(.text))
<BR>[Address Reference Count : 1]<UL><LI> app.o(.text)
</UL>
<P><STRONG><a name="[24]"></a>CircleFromOutToCheck</STRONG> (Thumb, 186 bytes, Stack size 0 bytes, app.o(.text))
<BR>[Address Reference Count : 1]<UL><LI> app.o(.text)
</UL>
<P><STRONG><a name="[28]"></a>DetectServoError</STRONG> (Thumb, 246 bytes, Stack size 0 bytes, app.o(.text))
<BR>[Address Reference Count : 1]<UL><LI> app.o(.text)
</UL>
<P><STRONG><a name="[2b]"></a>DetectServeroOffset</STRONG> (Thumb, 254 bytes, Stack size 0 bytes, app.o(.text))
<BR>[Address Reference Count : 1]<UL><LI> app.o(.text)
</UL>
<P><STRONG><a name="[29]"></a>FlashLed</STRONG> (Thumb, 222 bytes, Stack size 0 bytes, app.o(.text))
<BR>[Address Reference Count : 1]<UL><LI> app.o(.text)
</UL>
<P><STRONG><a name="[2a]"></a>ResetSlot</STRONG> (Thumb, 450 bytes, Stack size 0 bytes, app.o(.text))
<BR>[Address Reference Count : 1]<UL><LI> app.o(.text)
</UL>
<P><STRONG><a name="[2c]"></a>RestartReader</STRONG> (Thumb, 98 bytes, Stack size 0 bytes, app.o(.text))
<BR>[Address Reference Count : 1]<UL><LI> app.o(.text)
</UL>
<P><STRONG><a name="[0]"></a>InitApp</STRONG> (Thumb, 650 bytes, Stack size 0 bytes, app.o(.text))
<BR><BR>[Calls]<UL><LI><a href="#[2d]">&gt;&gt;</a>&nbsp;&nbsp;&nbsp;InitETree
</UL>
<BR>[Address Reference Count : 1]<UL><LI> startup.o(RESET)
</UL>
<P><STRONG><a name="[1a]"></a>__aeabi_dadd</STRONG> (Thumb, 0 bytes, Stack size 0 bytes, daddsub_clz.o(x$fpl$dadd))
<BR><BR>[Called By]<UL><LI><a href="#[18]">&gt;&gt;</a>&nbsp;&nbsp;&nbsp;CreateYCordinate
</UL>

<P><STRONG><a name="[2e]"></a>_dadd</STRONG> (Thumb, 332 bytes, Stack size 0 bytes, daddsub_clz.o(x$fpl$dadd), UNUSED)
<BR><BR>[Calls]<UL><LI><a href="#[30]">&gt;&gt;</a>&nbsp;&nbsp;&nbsp;__fpl_dretinf
<LI><a href="#[31]">&gt;&gt;</a>&nbsp;&nbsp;&nbsp;__fpl_dnaninf
<LI><a href="#[2f]">&gt;&gt;</a>&nbsp;&nbsp;&nbsp;_dsub1
</UL>

<P><STRONG><a name="[1b]"></a>__aeabi_d2iz</STRONG> (Thumb, 0 bytes, Stack size 0 bytes, dfix.o(x$fpl$dfix))
<BR><BR>[Called By]<UL><LI><a href="#[18]">&gt;&gt;</a>&nbsp;&nbsp;&nbsp;CreateYCordinate
</UL>

<P><STRONG><a name="[32]"></a>_dfix</STRONG> (Thumb, 94 bytes, Stack size 0 bytes, dfix.o(x$fpl$dfix), UNUSED)
<BR><BR>[Calls]<UL><LI><a href="#[31]">&gt;&gt;</a>&nbsp;&nbsp;&nbsp;__fpl_dnaninf
</UL>

<P><STRONG><a name="[19]"></a>__aeabi_i2d</STRONG> (Thumb, 0 bytes, Stack size 0 bytes, dflt_clz.o(x$fpl$dflt))
<BR><BR>[Called By]<UL><LI><a href="#[18]">&gt;&gt;</a>&nbsp;&nbsp;&nbsp;CreateYCordinate
</UL>

<P><STRONG><a name="[31]"></a>__fpl_dnaninf</STRONG> (Thumb, 156 bytes, Stack size 0 bytes, dnaninf.o(x$fpl$dnaninf), UNUSED)
<BR><BR>[Called By]<UL><LI><a href="#[32]">&gt;&gt;</a>&nbsp;&nbsp;&nbsp;_dfix
<LI><a href="#[33]">&gt;&gt;</a>&nbsp;&nbsp;&nbsp;_dsub
<LI><a href="#[2e]">&gt;&gt;</a>&nbsp;&nbsp;&nbsp;_dadd
</UL>

<P><STRONG><a name="[30]"></a>__fpl_dretinf</STRONG> (Thumb, 12 bytes, Stack size 0 bytes, dretinf.o(x$fpl$dretinf), UNUSED)
<BR><BR>[Called By]<UL><LI><a href="#[2e]">&gt;&gt;</a>&nbsp;&nbsp;&nbsp;_dadd
</UL>

<P><STRONG><a name="[33]"></a>_dsub</STRONG> (Thumb, 464 bytes, Stack size 0 bytes, daddsub_clz.o(x$fpl$dsub), UNUSED)
<BR><BR>[Calls]<UL><LI><a href="#[31]">&gt;&gt;</a>&nbsp;&nbsp;&nbsp;__fpl_dnaninf
<LI><a href="#[34]">&gt;&gt;</a>&nbsp;&nbsp;&nbsp;_dadd1
</UL>
<P>
<H3>
Local Symbols
</H3>
<P><STRONG><a name="[34]"></a>_dadd1</STRONG> (Thumb, 0 bytes, Stack size 0 bytes, daddsub_clz.o(x$fpl$dadd), UNUSED)
<BR><BR>[Called By]<UL><LI><a href="#[33]">&gt;&gt;</a>&nbsp;&nbsp;&nbsp;_dsub
</UL>

<P><STRONG><a name="[2f]"></a>_dsub1</STRONG> (Thumb, 0 bytes, Stack size 0 bytes, daddsub_clz.o(x$fpl$dsub), UNUSED)
<BR><BR>[Called By]<UL><LI><a href="#[2e]">&gt;&gt;</a>&nbsp;&nbsp;&nbsp;_dadd
</UL>
<P>
<H3>
Undefined Global Symbols
</H3><HR></body></html>
