Component: ARM Compiler 5.05 update 2 (build 169) Tool: armlink [4d0f33]

==============================================================================

Section Cross References

    startup.o(RESET) refers to app.o(.text) for InitApp
    app.o(.text) refers to dflt_clz.o(x$fpl$dflt) for __aeabi_i2d
    app.o(.text) refers to daddsub_clz.o(x$fpl$dadd) for __aeabi_dadd
    app.o(.text) refers to dfix.o(x$fpl$dfix) for __aeabi_d2iz
    app.o(.text) refers to app.o(.data) for gStepMotorList
    app.o(.text) refers to app.o(.bss) for gETree
    daddsub_clz.o(x$fpl$dadd) refers (Special) to usenofp.o(x$fpl$usenofp) for __I$use$fp
    daddsub_clz.o(x$fpl$dadd) refers to daddsub_clz.o(x$fpl$dsub) for _dsub1
    daddsub_clz.o(x$fpl$dadd) refers to dretinf.o(x$fpl$dretinf) for __fpl_dretinf
    daddsub_clz.o(x$fpl$dadd) refers to dnaninf.o(x$fpl$dnaninf) for __fpl_dnaninf
    daddsub_clz.o(x$fpl$drsb) refers (Special) to usenofp.o(x$fpl$usenofp) for __I$use$fp
    daddsub_clz.o(x$fpl$drsb) refers to daddsub_clz.o(x$fpl$dadd) for _dadd1
    daddsub_clz.o(x$fpl$drsb) refers to daddsub_clz.o(x$fpl$dsub) for _dsub1
    daddsub_clz.o(x$fpl$dsub) refers (Special) to usenofp.o(x$fpl$usenofp) for __I$use$fp
    daddsub_clz.o(x$fpl$dsub) refers to daddsub_clz.o(x$fpl$dadd) for _dadd1
    daddsub_clz.o(x$fpl$dsub) refers to dnaninf.o(x$fpl$dnaninf) for __fpl_dnaninf
    dfix.o(x$fpl$dfix) refers (Special) to usenofp.o(x$fpl$usenofp) for __I$use$fp
    dfix.o(x$fpl$dfix) refers to dnaninf.o(x$fpl$dnaninf) for __fpl_dnaninf
    dfix.o(x$fpl$dfixr) refers (Special) to usenofp.o(x$fpl$usenofp) for __I$use$fp
    dfix.o(x$fpl$dfixr) refers to dnaninf.o(x$fpl$dnaninf) for __fpl_dnaninf
    dflt_clz.o(x$fpl$dfltu) refers (Special) to usenofp.o(x$fpl$usenofp) for __I$use$fp
    dflt_clz.o(x$fpl$dflt) refers (Special) to usenofp.o(x$fpl$usenofp) for __I$use$fp
    dflt_clz.o(x$fpl$dfltn) refers (Special) to usenofp.o(x$fpl$usenofp) for __I$use$fp
    dnaninf.o(x$fpl$dnaninf) refers (Special) to usenofp.o(x$fpl$usenofp) for __I$use$fp
    dretinf.o(x$fpl$dretinf) refers (Special) to usenofp.o(x$fpl$usenofp) for __I$use$fp


==============================================================================

Image Symbol Table

    Local Symbols

    Symbol Name                              Value     Ov Type        Size  Object(Section)

    ../fplib/daddsub.s                       0x00000000   Number         0  daddsub_clz.o ABSOLUTE
    ../fplib/dfix.s                          0x00000000   Number         0  dfix.o ABSOLUTE
    ../fplib/dflt.s                          0x00000000   Number         0  dflt_clz.o ABSOLUTE
    ../fplib/dnaninf.s                       0x00000000   Number         0  dnaninf.o ABSOLUTE
    ../fplib/dretinf.s                       0x00000000   Number         0  dretinf.o ABSOLUTE
    ../fplib/usenofp.s                       0x00000000   Number         0  usenofp.o ABSOLUTE
    ..\App\App.c                             0x00000000   Number         0  app.o ABSOLUTE
    ..\App\StartUp.s                         0x00000000   Number         0  startup.o ABSOLUTE
    dc.s                                     0x00000000   Number         0  dc.o ABSOLUTE
    RESET                                    0x08020000   Section       16  startup.o(RESET)
    .text                                    0x08020010   Section        0  app.o(.text)
    x$fpl$dadd                               0x080232a8   Section      336  daddsub_clz.o(x$fpl$dadd)
    _dadd1                                   0x080232b9   Thumb Code     0  daddsub_clz.o(x$fpl$dadd)
    x$fpl$dfix                               0x080233f8   Section       94  dfix.o(x$fpl$dfix)
    x$fpl$dflt                               0x08023456   Section       46  dflt_clz.o(x$fpl$dflt)
    x$fpl$dnaninf                            0x08023484   Section      156  dnaninf.o(x$fpl$dnaninf)
    x$fpl$dretinf                            0x08023520   Section       12  dretinf.o(x$fpl$dretinf)
    x$fpl$dsub                               0x0802352c   Section      468  daddsub_clz.o(x$fpl$dsub)
    _dsub1                                   0x0802353d   Thumb Code     0  daddsub_clz.o(x$fpl$dsub)
    x$fpl$usenofp                            0x08023700   Section        0  usenofp.o(x$fpl$usenofp)
    .data                                    0x2000c000   Section      100  app.o(.data)
    .bss                                     0x2000c064   Section      756  app.o(.bss)

    Global Symbols

    Symbol Name                              Value     Ov Type        Size  Object(Section)

    BuildAttributes$$THM_ISAv4$E$P$D$K$B$S$7EM$PE$A:L22UL41UL21$X:L11$S22US41US21$IEEE1$IW$USESV6$~STKCKD$USESV7$~SHL$OSPACE$ROPI$EBA8$STANDARDLIB$REQ8$PRES8$EABIv2 0x00000000   Number         0  anon$$obj.o ABSOLUTE
    InitETree                                0x08020011   Thumb Code    20  app.o(.text)
    CreateYCordinate                         0x08020025   Thumb Code   370  app.o(.text)
    PlanXPath                                0x08020197   Thumb Code    92  app.o(.text)
    ResetDevice                              0x080201f3   Thumb Code   248  app.o(.text)
    ResetX                                   0x080202eb   Thumb Code   656  app.o(.text)
    GoToX                                    0x0802057b   Thumb Code   934  app.o(.text)
    RecordYAllSensorPos                      0x08020921   Thumb Code   442  app.o(.text)
    ResetY1                                  0x08020adb   Thumb Code   680  app.o(.text)
    GoToY                                    0x08020d83   Thumb Code   524  app.o(.text)
    YGoToGetCard                             0x08020f8f   Thumb Code   596  app.o(.text)
    YGoToGetBook                             0x080211e3   Thumb Code   118  app.o(.text)
    YGoToSendCard                            0x08021259   Thumb Code   392  app.o(.text)
    YGoToSendBook                            0x080213e1   Thumb Code   360  app.o(.text)
    YGoToBatch                               0x08021549   Thumb Code   368  app.o(.text)
    ResetSendCard                            0x080216b9   Thumb Code   114  app.o(.text)
    SendCardToLimt                           0x0802172b   Thumb Code   118  app.o(.text)
    SendCard                                 0x080217a1   Thumb Code   144  app.o(.text)
    ResetSendBook                            0x08021831   Thumb Code   114  app.o(.text)
    SendBookToLimt                           0x080218a3   Thumb Code   118  app.o(.text)
    SendBook                                 0x08021919   Thumb Code   284  app.o(.text)
    ReadyGetCardFromCar                      0x08021a35   Thumb Code   450  app.o(.text)
    ReadyGetBookFromCar                      0x08021bf7   Thumb Code   294  app.o(.text)
    PushOutCard                              0x08021d1d   Thumb Code   102  app.o(.text)
    PushOutBook                              0x08021d83   Thumb Code   104  app.o(.text)
    BatchOutCardBook                         0x08021deb   Thumb Code    74  app.o(.text)
    RecyleCardToCar                          0x08021e35   Thumb Code   368  app.o(.text)
    RecyleBookToCar                          0x08021fa5   Thumb Code   234  app.o(.text)
    CloseDoor                                0x0802208f   Thumb Code   114  app.o(.text)
    OpenBookDoor                             0x08022101   Thumb Code   158  app.o(.text)
    OpenCardDoor                             0x0802219f   Thumb Code   242  app.o(.text)
    ResetCircle                              0x08022291   Thumb Code   142  app.o(.text)
    CircleFromOrgToCheck                     0x0802231f   Thumb Code   414  app.o(.text)
    CircleFromOrgToOut                       0x080224bd   Thumb Code   138  app.o(.text)
    CircleFromCheckToOrg                     0x08022547   Thumb Code   144  app.o(.text)
    CircleFromCheckToOut                     0x080225d7   Thumb Code   138  app.o(.text)
    CircleFromOutToOrg                       0x08022661   Thumb Code   184  app.o(.text)
    CircleFromOutToCheck                     0x08022719   Thumb Code   186  app.o(.text)
    DetectServoError                         0x080227d3   Thumb Code   246  app.o(.text)
    CalRackOffset                            0x080228c9   Thumb Code   116  app.o(.text)
    DetectServeroOffset                      0x0802293d   Thumb Code   254  app.o(.text)
    FlashLed                                 0x08022a3b   Thumb Code   222  app.o(.text)
    ResetSlot                                0x08022b19   Thumb Code   450  app.o(.text)
    RestartReader                            0x08022cdb   Thumb Code    98  app.o(.text)
    InitApp                                  0x08022d3d   Thumb Code   650  app.o(.text)
    __aeabi_dadd                             0x080232a9   Thumb Code     0  daddsub_clz.o(x$fpl$dadd)
    _dadd                                    0x080232a9   Thumb Code   332  daddsub_clz.o(x$fpl$dadd)
    __aeabi_d2iz                             0x080233f9   Thumb Code     0  dfix.o(x$fpl$dfix)
    _dfix                                    0x080233f9   Thumb Code    94  dfix.o(x$fpl$dfix)
    __aeabi_i2d                              0x08023457   Thumb Code     0  dflt_clz.o(x$fpl$dflt)
    _dflt                                    0x08023457   Thumb Code    46  dflt_clz.o(x$fpl$dflt)
    __fpl_dnaninf                            0x08023485   Thumb Code   156  dnaninf.o(x$fpl$dnaninf)
    __fpl_dretinf                            0x08023521   Thumb Code    12  dretinf.o(x$fpl$dretinf)
    __aeabi_dsub                             0x0802352d   Thumb Code     0  daddsub_clz.o(x$fpl$dsub)
    _dsub                                    0x0802352d   Thumb Code   464  daddsub_clz.o(x$fpl$dsub)
    Load$$ER_IROM1$$Limit                    0x08023700   Number         0  anon$$obj.o ABSOLUTE
    __I$use$fp                               0x08023700   Number         0  usenofp.o(x$fpl$usenofp)
    Load$$RW_IRAM1$$Limit                    0x08023764   Number         0  anon$$obj.o ABSOLUTE
    gSensorList                              0x2000c000   Data          41  app.o(.data)
    gStepMotorList                           0x2000c029   Data          41  app.o(.data)
    L                                        0x2000c054   Data           4  app.o(.data)
    BlockStart1                              0x2000c058   Data           4  app.o(.data)
    BlockStart2                              0x2000c05c   Data           4  app.o(.data)
    nToothIndex                              0x2000c060   Data           1  app.o(.data)
    IsFatBook                                0x2000c061   Data           1  app.o(.data)
    LedPort                                  0x2000c062   Data           1  app.o(.data)
    nLedCnt                                  0x2000c063   Data           1  app.o(.data)
    gETree                                   0x2000c064   Data          16  app.o(.bss)
    gXPath                                   0x2000c074   Data          12  app.o(.bss)
    gYPath                                   0x2000c080   Data         728  app.o(.bss)



==============================================================================

Memory Map of the image

  Image entry point : Not specified.

  Load Region LR_IROM1 (Base: 0x08020000, Size: 0x00003764, Max: 0x00080000, ABSOLUTE)

    Execution Region ER_IROM1 (Base: 0x08020000, Size: 0x00003700, Max: 0x00080000, ABSOLUTE)

    Base Addr    Size         Type   Attr      Idx    E Section Name        Object

    0x08020000   0x00000010   Code   RO            1    RESET               startup.o
    0x08020010   0x00003298   Code   RO            2    .text               app.o
    0x080232a8   0x00000150   Code   RO            7    x$fpl$dadd          fz_ws.l(daddsub_clz.o)
    0x080233f8   0x0000005e   Code   RO           10    x$fpl$dfix          fz_ws.l(dfix.o)
    0x08023456   0x0000002e   Code   RO           13    x$fpl$dflt          fz_ws.l(dflt_clz.o)
    0x08023484   0x0000009c   Code   RO           15    x$fpl$dnaninf       fz_ws.l(dnaninf.o)
    0x08023520   0x0000000c   Code   RO           16    x$fpl$dretinf       fz_ws.l(dretinf.o)
    0x0802352c   0x000001d4   Code   RO            9    x$fpl$dsub          fz_ws.l(daddsub_clz.o)
    0x08023700   0x00000000   Code   RO           17    x$fpl$usenofp       fz_ws.l(usenofp.o)


    Execution Region RW_IRAM1 (Base: 0x2000c000, Size: 0x00000358, Max: 0x0000b000, ABSOLUTE)

    Base Addr    Size         Type   Attr      Idx    E Section Name        Object

    0x2000c000   0x00000064   Data   RW            4    .data               app.o
    0x2000c064   0x000002f4   Zero   RW            3    .bss                app.o


==============================================================================

Image component sizes


      Code (inc. data)   RO Data    RW Data    ZI Data      Debug   Object Name

     12952       2266          0        100        756          0   app.o
        16         16          0          0          0          0   startup.o

    ----------------------------------------------------------------------
     12968       2282          0        100        756          0   Object Totals
         0          0          0          0          0          0   (incl. Generated)
         0          0          0          0          0          0   (incl. Padding)

    ----------------------------------------------------------------------

      Code (inc. data)   RO Data    RW Data    ZI Data      Debug   Library Member Name

       804         16          0          0          0          0   daddsub_clz.o
        94          4          0          0          0          0   dfix.o
        46          0          0          0          0          0   dflt_clz.o
       156          4          0          0          0          0   dnaninf.o
        12          0          0          0          0          0   dretinf.o
         0          0          0          0          0          0   usenofp.o

    ----------------------------------------------------------------------
      1112         24          0          0          0          0   Library Totals
         0          0          0          0          0          0   (incl. Padding)

    ----------------------------------------------------------------------

      Code (inc. data)   RO Data    RW Data    ZI Data      Debug   Library Name

      1112         24          0          0          0          0   fz_ws.l

    ----------------------------------------------------------------------
      1112         24          0          0          0          0   Library Totals

    ----------------------------------------------------------------------

==============================================================================


      Code (inc. data)   RO Data    RW Data    ZI Data      Debug   

     14080       2306          0        100        756          0   Grand Totals
     14080       2306          0        100        756          0   ELF Image Totals
     14080       2306          0        100          0          0   ROM Totals

==============================================================================

    Total RO  Size (Code + RO Data)                14080 (  13.75kB)
    Total RW  Size (RW Data + ZI Data)               856 (   0.84kB)
    Total ROM Size (Code + RO Data + RW Data)      14180 (  13.85kB)

==============================================================================

