Component: ARM Compiler 5.05 update 2 (build 169) Tool: armlink [4d0f33]

==============================================================================

Section Cross References

    startup.o(RESET) refers to app.o(.text) for InitApp
    app.o(.text) refers to app.o(.data) for gStepMotorList
    app.o(.text) refers to app.o(.bss) for gETree


==============================================================================

Image Symbol Table

    Local Symbols

    Symbol Name                              Value     Ov Type        Size  Object(Section)

    ..\App\App.c                             0x00000000   Number         0  app.o ABSOLUTE
    ..\App\StartUp.s                         0x00000000   Number         0  startup.o ABSOLUTE
    RESET                                    0x08020000   Section       16  startup.o(RESET)
    .text                                    0x08020010   Section        0  app.o(.text)
    .data                                    0x2000c000   Section      142  app.o(.data)
    .bss                                     0x2000c090   Section       16  app.o(.bss)

    Global Symbols

    Symbol Name                              Value     Ov Type        Size  Object(Section)

    BuildAttributes$$THM_ISAv4$E$P$D$K$B$S$7EM$PE$A:L22UL41UL21$X:L11$S22US41US21$IEEE1$IW$USESV6$~STKCKD$USESV7$~SHL$OSPACE$EBA8$STANDARDLIB$REQ8$PRES8$EABIv2 0x00000000   Number         0  anon$$obj.o ABSOLUTE
    InitETree                                0x08020011   Thumb Code    22  app.o(.text)
    ResetCamera                              0x08020027   Thumb Code   106  app.o(.text)
    RunCamera                                0x08020091   Thumb Code   320  app.o(.text)
    FlashLed                                 0x080201d1   Thumb Code   216  app.o(.text)
    LockLiftCamera                           0x080202a9   Thumb Code    16  app.o(.text)
    InitApp                                  0x080202b9   Thumb Code   102  app.o(.text)
    Load$$ER_IROM1$$Limit                    0x0802038c   Number         0  anon$$obj.o ABSOLUTE
    Load$$RW_IRAM1$$Limit                    0x0802041c   Number         0  anon$$obj.o ABSOLUTE
    gSensorList                              0x2000c000   Data          82  app.o(.data)
    gStepMotorList                           0x2000c052   Data          41  app.o(.data)
    L                                        0x2000c07c   Data           4  app.o(.data)
    nSpeed                                   0x2000c080   Data           4  app.o(.data)
    nDir                                     0x2000c084   Data           1  app.o(.data)
    nStep                                    0x2000c086   Data           2  app.o(.data)
    FlashSpeed                               0x2000c088   Data           2  app.o(.data)
    FlashCnt                                 0x2000c08a   Data           2  app.o(.data)
    CurrentCnt                               0x2000c08c   Data           2  app.o(.data)
    gETree                                   0x2000c090   Data          16  app.o(.bss)



==============================================================================

Memory Map of the image

  Image entry point : Not specified.

  Load Region LR_IROM1 (Base: 0x08020000, Size: 0x0000041c, Max: 0x00080000, ABSOLUTE)

    Execution Region ER_IROM1 (Base: 0x08020000, Size: 0x0000038c, Max: 0x00080000, ABSOLUTE)

    Base Addr    Size         Type   Attr      Idx    E Section Name        Object

    0x08020000   0x00000010   Code   RO            1    RESET               startup.o
    0x08020010   0x0000037c   Code   RO            2    .text               app.o


    Execution Region RW_IRAM1 (Base: 0x2000c000, Size: 0x000000a0, Max: 0x0000b000, ABSOLUTE)

    Base Addr    Size         Type   Attr      Idx    E Section Name        Object

    0x2000c000   0x0000008e   Data   RW            4    .data               app.o
    0x2000c08e   0x00000002   PAD
    0x2000c090   0x00000010   Zero   RW            3    .bss                app.o


==============================================================================

Image component sizes


      Code (inc. data)   RO Data    RW Data    ZI Data      Debug   Object Name

       892        110          0        142         16          0   app.o
        16         16          0          0          0          0   startup.o

    ----------------------------------------------------------------------
       908        126          0        144         16          0   Object Totals
         0          0          0          0          0          0   (incl. Generated)
         0          0          0          2          0          0   (incl. Padding)

    ----------------------------------------------------------------------
         0          0          0          0          0          0   Library Totals
         0          0          0          0          0          0   (incl. Padding)

    ----------------------------------------------------------------------

==============================================================================


      Code (inc. data)   RO Data    RW Data    ZI Data      Debug   

       908        126          0        144         16          0   Grand Totals
       908        126          0        144         16          0   ELF Image Totals
       908        126          0        144          0          0   ROM Totals

==============================================================================

    Total RO  Size (Code + RO Data)                  908 (   0.89kB)
    Total RW  Size (RW Data + ZI Data)               160 (   0.16kB)
    Total ROM Size (Code + RO Data + RW Data)       1052 (   1.03kB)

==============================================================================

