<!doctype html public "-//w3c//dtd html 4.0 transitional//en">
<html><head>
<title>Static Call Graph - [.\List\SortHost.axf]</title></head>
<body><HR>
<H1>Static Call Graph for image .\List\SortHost.axf</H1><HR>
<BR><P>#&#060CALLGRAPH&#062# ARM Linker, 5050169: Last Updated: Thu Sep 03 09:02:12 2020
<BR><P>
<H3>Maximum Stack Usage =          0 bytes + Unknown(Untraceable Function Pointers)</H3><H3>
Call chain for Maximum Stack Depth:</H3>

<P>
<H3>
Function Pointers
</H3><UL>
 <LI><a href="#[3]">FlashLed</a> from app.o(.text) referenced from app.o(.text)
 <LI><a href="#[0]">InitApp</a> from app.o(.text) referenced from startup.o(RESET)
 <LI><a href="#[4]">LockLiftCamera</a> from app.o(.text) referenced from app.o(.text)
 <LI><a href="#[1]">ResetCamera</a> from app.o(.text) referenced from app.o(.text)
 <LI><a href="#[2]">RunCamera</a> from app.o(.text) referenced from app.o(.text)
</UL>
<P>
<H3>
Global Symbols
</H3>
<P><STRONG><a name="[5]"></a>InitETree</STRONG> (Thumb, 22 bytes, Stack size 0 bytes, app.o(.text))
<BR><BR>[Called By]<UL><LI><a href="#[0]">&gt;&gt;</a>&nbsp;&nbsp;&nbsp;InitApp
</UL>

<P><STRONG><a name="[1]"></a>ResetCamera</STRONG> (Thumb, 106 bytes, Stack size 0 bytes, app.o(.text))
<BR>[Address Reference Count : 1]<UL><LI> app.o(.text)
</UL>
<P><STRONG><a name="[2]"></a>RunCamera</STRONG> (Thumb, 320 bytes, Stack size 0 bytes, app.o(.text))
<BR>[Address Reference Count : 1]<UL><LI> app.o(.text)
</UL>
<P><STRONG><a name="[3]"></a>FlashLed</STRONG> (Thumb, 216 bytes, Stack size 0 bytes, app.o(.text))
<BR>[Address Reference Count : 1]<UL><LI> app.o(.text)
</UL>
<P><STRONG><a name="[4]"></a>LockLiftCamera</STRONG> (Thumb, 16 bytes, Stack size 0 bytes, app.o(.text))
<BR>[Address Reference Count : 1]<UL><LI> app.o(.text)
</UL>
<P><STRONG><a name="[0]"></a>InitApp</STRONG> (Thumb, 102 bytes, Stack size 0 bytes, app.o(.text))
<BR><BR>[Calls]<UL><LI><a href="#[5]">&gt;&gt;</a>&nbsp;&nbsp;&nbsp;InitETree
</UL>
<BR>[Address Reference Count : 1]<UL><LI> startup.o(RESET)
</UL><P>
<H3>
Local Symbols
</H3><P>
<H3>
Undefined Global Symbols
</H3><HR></body></html>
